
Collecting usage statistics. To deactivate, set browser.gatherUsageStats to false.


  You can now view your Streamlit app in your browser.

  URL: http://0.0.0.0:8501

2025-09-17 20:16:10.082 Uncaught app execution
Traceback (most recent call last):
  File "/home/baixy/.conda/envs/unet-env/lib/python3.10/site-packages/streamlit/runtime/scriptrunner/exec_code.py", line 128, in exec_func_with_error_handling
    result = func()
  File "/home/baixy/.conda/envs/unet-env/lib/python3.10/site-packages/streamlit/runtime/scriptrunner/script_runner.py", line 669, in code_to_exec
    exec(code, module.__dict__)  # noqa: S102
  File "/data02/wanghy/server_status/app.py", line 12, in <module>
    import plotly.express as px
ModuleNotFoundError: No module named 'plotly'
2025-09-17 20:16:11.890 Uncaught app execution
Traceback (most recent call last):
  File "/home/baixy/.conda/envs/unet-env/lib/python3.10/site-packages/streamlit/runtime/scriptrunner/exec_code.py", line 128, in exec_func_with_error_handling
    result = func()
  File "/home/baixy/.conda/envs/unet-env/lib/python3.10/site-packages/streamlit/runtime/scriptrunner/script_runner.py", line 669, in code_to_exec
    exec(code, module.__dict__)  # noqa: S102
  File "/data02/wanghy/server_status/app.py", line 12, in <module>
    import plotly.express as px
ModuleNotFoundError: No module named 'plotly'
  Stopping...
