
Collecting usage statistics. To deactivate, set browser.gatherUsageStats to false.


  You can now view your Streamlit app in your browser.

  URL: http://0.0.0.0:8501

2025-09-17 20:42:06.373 Uncaught app execution
Traceback (most recent call last):
  File "/home/baixy/.conda/envs/unet-env/lib/python3.10/site-packages/streamlit/runtime/scriptrunner/exec_code.py", line 128, in exec_func_with_error_handling
    result = func()
  File "/home/baixy/.conda/envs/unet-env/lib/python3.10/site-packages/streamlit/runtime/scriptrunner/script_runner.py", line 669, in code_to_exec
    exec(code, module.__dict__)  # noqa: S102
  File "/data02/wanghy/server_status/app.py", line 4, in <module>
    from server_app import ServerMonitorApp
  File "/data02/wanghy/server_status/server_app.py", line 8, in <module>
    from page_renderer import PageRenderer
  File "/data02/wanghy/server_status/page_renderer.py", line 11, in <module>
    from data_analyzer import DataAnalyzer
ImportError: cannot import name 'DataAnalyzer' from 'data_analyzer' (/data02/wanghy/server_status/data_analyzer.py)
2025-09-17 20:42:10.120 Uncaught app execution
Traceback (most recent call last):
  File "/home/baixy/.conda/envs/unet-env/lib/python3.10/site-packages/streamlit/runtime/scriptrunner/exec_code.py", line 128, in exec_func_with_error_handling
    result = func()
  File "/home/baixy/.conda/envs/unet-env/lib/python3.10/site-packages/streamlit/runtime/scriptrunner/script_runner.py", line 669, in code_to_exec
    exec(code, module.__dict__)  # noqa: S102
  File "/data02/wanghy/server_status/app.py", line 4, in <module>
    from server_app import ServerMonitorApp
  File "/data02/wanghy/server_status/server_app.py", line 8, in <module>
    from page_renderer import PageRenderer
  File "/data02/wanghy/server_status/page_renderer.py", line 11, in <module>
    from data_analyzer import DataAnalyzer
ImportError: cannot import name 'DataAnalyzer' from 'data_analyzer' (/data02/wanghy/server_status/data_analyzer.py)
/data02/wanghy/server_status/data_analyzer.py:43: FutureWarning: 'H' is deprecated and will be removed in a future version, please use 'h' instead.
  df['hour'] = df['timestamp'].dt.floor('H')
/data02/wanghy/server_status/data_analyzer.py:87: FutureWarning:

'H' is deprecated and will be removed in a future version, please use 'h' instead.

/data02/wanghy/server_status/data_analyzer.py:43: FutureWarning:

'H' is deprecated and will be removed in a future version, please use 'h' instead.

/data02/wanghy/server_status/data_analyzer.py:87: FutureWarning:

'H' is deprecated and will be removed in a future version, please use 'h' instead.

/data02/wanghy/server_status/data_analyzer.py:43: FutureWarning:

'H' is deprecated and will be removed in a future version, please use 'h' instead.

/data02/wanghy/server_status/data_analyzer.py:87: FutureWarning:

'H' is deprecated and will be removed in a future version, please use 'h' instead.

  Stopping...
